{
  "data": {
    "updateUser": {
      "userId": "1",
      "username": "admin",
      "displayname": "管理者"
    }
  }
}