query {
  getUsers {
    userId
    username
    displayname
  }
}
