{
  "data": {
    "getUser": {
      "userId": "1",
      "username": "admin",
      "displayname": "admin"
    }
  }
}