{
  "data": {
    "createUser": {
      "userId": "3",
      "username": "user3",
      "displayname": "user3"
    }
  }
}