{
  "data": {
    "getUsers": [
      {
        "userId": "1",
        "username": "admin",
        "displayname": "admin"
      },
      {
        "userId": "2",
        "username": "user",
        "displayname": "user"
      },
      {
        "userId": "3",
        "username": "user3",
        "displayname": "user3"
      },
      {
        "userId": "4",
        "username": "user4",
        "displayname": "user4"
      }
    ]
  }
}