mutation {
  updateUser(userId:"1",username:"admin",displayname:"管理者"){
    userId
    username
    displayname
  }
}