query {
	getUser(id: "1") {
		userId
		username
		displayname
  	}
}
