{
  "data": {
    "users": [
      {
        "first_name": "admin",
        "last_name": "",
        "id": "d4a6e9b6-f079-45c9-b6d0-565cf4280596",
        "birth_day": "2000-01-30",
        "sex": 0,
        "address": "tokyo",
        "email": "hoge@piyo,.com",
        "UpdatedDateTime": "2021-01-01T00:00:00Z",
        "CreatedDateTime": "2021-01-01T00:00:00Z"
      },
      {
        "first_name": "admin",
        "last_name": "",
        "id": "d4a6e9b6-f079-45c9-b6d0-565cf4280597",
        "birth_day": "2000-01-30",
        "sex": 0,
        "address": "tokyo",
        "email": "hoge@piyo,.com",
        "UpdatedDateTime": "2021-01-01T00:00:00Z",
        "CreatedDateTime": "2021-01-01T00:00:00Z"
      },
      {
        "first_name": "admin",
        "last_name": "",
        "id": "d4a6e9b6-f079-45c9-b6d0-565cf4280598",
        "birth_day": "2000-01-30",
        "sex": 0,
        "address": "tokyo",
        "email": "hoge@piyo,.com",
        "UpdatedDateTime": "2021-01-01T00:00:00Z",
        "CreatedDateTime": "2021-01-01T00:00:00Z"
      },
      {
        "first_name": "admin",
        "last_name": "",
        "id": "d4a6e9b6-f079-45c9-b6d0-565cf4280599",
        "birth_day": "2000-01-30",
        "sex": 0,
        "address": "tokyo",
        "email": "hoge@piyo,.com",
        "UpdatedDateTime": "2021-01-01T00:00:00Z",
        "CreatedDateTime": "2021-01-01T00:00:00Z"
      },
      {
        "first_name": "admin",
        "last_name": "",
        "id": "d4a6e9b6-f079-45c9-b6d0-565cf4280510",
        "birth_day": "2000-01-30",
        "sex": 0,
        "address": "tokyo",
        "email": "hoge@piyo,.com",
        "UpdatedDateTime": "2021-01-01T00:00:00Z",
        "CreatedDateTime": "2021-01-01T00:00:00Z"
      },
      {
        "first_name": "admin",
        "last_name": "",
        "id": "d4a6e9b6-f079-45c9-b6d0-565cf4280512",
        "birth_day": "2000-01-30",
        "sex": 0,
        "address": "tokyo",
        "email": "hoge@piyo,.com",
        "UpdatedDateTime": "2021-01-01T00:00:00Z",
        "CreatedDateTime": "2021-01-01T00:00:00Z"
      },
      {
        "first_name": "admin",
        "last_name": "",
        "id": "d4a6e9b6-f079-45c9-b6d0-565cf4280513",
        "birth_day": "2000-01-30",
        "sex": 0,
        "address": "tokyo",
        "email": "hoge@piyo,.com",
        "UpdatedDateTime": "2021-01-01T00:00:00Z",
        "CreatedDateTime": "2021-01-01T00:00:00Z"
      }
    ]
  }
}