query {
    userById(input: ""){
    	id
    	first_name
    	last_name
    	email
    	address
    	password
    	sex
    	CreatedDateTime
    	UpdatedDateTime
  }
}
