{
  getNoteAll{
    noteId
    title
    tags{
      name
    }
    content
  }
}