{
  getNotesByUserId(userId: "1") {
    count
    notes {
      noteId
      title
      content
    }
    author {
      userId
      username
      displayname
    }
  }
}
