{
  "data": {
    "createNote": {
      "title": "テストブログ",
      "content": "ああああああああああああああああああああああ",
      "tags": [
        {
          "name": "タグ１"
        },
        {
          "name": "タグ２"
        },
        {
          "name": "タグ３"
        }
      ]
    }
  }
}