{
  getNoteById(id: "1") {
    note {
      noteId
      title
      content
    }
    author {
      userId
      username
      displayname
    }
  }
}